
> log-akses@0.1.0 build
> vue-tsc --noEmit && vite build

[36mvite v5.4.21 [32mbuilding for production...[36m[39m
transforming...
[32m✓[39m 96 modules transformed.
rendering chunks...
computing gzip size...
[2mdist/[22m[32mindex.html                                                    [39m[1m[2m  0.49 kB[22m[1m[22m[2m │ gzip:   0.32 kB[22m
[2mdist/[22m[35massets/index-ClQzFjA-.css                                     [39m[1m[2m 16.07 kB[22m[1m[22m[2m │ gzip:   3.77 kB[22m
[2mdist/[22m[36massets/types-CajuVqLj.js                                      [39m[1m[2m  0.09 kB[22m[1m[22m[2m │ gzip:   0.10 kB[22m
[2mdist/[22m[36massets/LoginView-BT2IM6bl.js                                  [39m[1m[2m  1.82 kB[22m[1m[22m[2m │ gzip:   0.92 kB[22m
[2mdist/[22m[36massets/Modal.vue_vue_type_script_setup_true_lang-Cr3wXpq5.js  [39m[1m[2m  2.38 kB[22m[1m[22m[2m │ gzip:   1.16 kB[22m
[2mdist/[22m[36massets/gate-command-Cdz_ab2V.js                               [39m[1m[2m  4.73 kB[22m[1m[22m[2m │ gzip:   1.65 kB[22m
[2mdist/[22m[36massets/GateSyncView-X1evgNVT.js                               [39m[1m[2m  8.87 kB[22m[1m[22m[2m │ gzip:   2.88 kB[22m
[2mdist/[22m[36massets/HomeView-oHva3NQ3.js                                   [39m[1m[2m  9.24 kB[22m[1m[22m[2m │ gzip:   2.96 kB[22m
[2mdist/[22m[36massets/RelationshipsView-Lg2gG5-N.js                          [39m[1m[2m 12.52 kB[22m[1m[22m[2m │ gzip:   3.46 kB[22m
[2mdist/[22m[36massets/ResidentsView-1e4JOce9.js                              [39m[1m[2m 13.52 kB[22m[1m[22m[2m │ gzip:   3.80 kB[22m
[2mdist/[22m[36massets/CardsView-drQfbUA0.js                                  [39m[1m[2m 21.69 kB[22m[1m[22m[2m │ gzip:   6.04 kB[22m
[2mdist/[22m[36massets/index-Gy8x87lP.js                                      [39m[1m[2m330.46 kB[22m[1m[22m[2m │ gzip: 100.13 kB[22m
[32m✓ built in 4.69s[39m
